========== RID: osx-arm64 (host: osx-arm64, OS: darwin) ==========
  Publishing osx-arm64 via Native AOT — this performs native compilation and can take several minutes...
  Determining projects to restore...
  Restored /Users/mat/Source/apps/RetroDownfall.Arcanum/src/RetroDownfall.Arcanum.Core/RetroDownfall.Arcanum.Core.csproj (in 220 ms).
  Restored /Users/mat/Source/apps/RetroDownfall.Arcanum/src/RetroDownfall.Arcanum.Api/RetroDownfall.Arcanum.Api.csproj (in 229 ms).
  Restored /Users/mat/Source/apps/RetroDownfall.Arcanum/src/RetroDownfall.Arcanum.Cli/RetroDownfall.Arcanum.Cli.csproj (in 230 ms).
  Restored /Users/mat/Source/apps/RetroDownfall.Arcanum/src/RetroDownfall.Arcanum.Infrastructure/RetroDownfall.Arcanum.Infrastructure.csproj (in 259 ms).
  RetroDownfall.Arcanum.Core -> /Users/mat/Source/apps/RetroDownfall.Arcanum/src/RetroDownfall.Arcanum.Core/bin/Release/net10.0/RetroDownfall.Arcanum.Core.dll
  RetroDownfall.Arcanum.Infrastructure -> /Users/mat/Source/apps/RetroDownfall.Arcanum/src/RetroDownfall.Arcanum.Infrastructure/bin/Release/net10.0/RetroDownfall.Arcanum.Infrastructure.dll
  RetroDownfall.Arcanum.Api -> /Users/mat/Source/apps/RetroDownfall.Arcanum/src/RetroDownfall.Arcanum.Api/bin/Release/net10.0/RetroDownfall.Arcanum.Api.dll
  RetroDownfall.Arcanum.Cli -> /Users/mat/Source/apps/RetroDownfall.Arcanum/src/RetroDownfall.Arcanum.Cli/bin/Release/net10.0/osx-arm64/RetroDownfall.Arcanum.Cli.dll
  Generating native code
/var/folders/6b/rz977tt52m95zpkqr8sbnv000000gn/T/cursor-sandbox-cache/9124c6f84a2ddcf520d18cdd46f74885/nuget/spectre.console.cli/0.55.1-alpha.0.7/lib/net10.0/Spectre.Console.Cli.dll : warning IL2104: Assembly 'Spectre.Console.Cli' produced trim warnings. For more information see https://aka.ms/il2104 [/Users/mat/Source/apps/RetroDownfall.Arcanum/src/RetroDownfall.Arcanum.Cli/RetroDownfall.Arcanum.Cli.csproj]
/var/folders/6b/rz977tt52m95zpkqr8sbnv000000gn/T/cursor-sandbox-cache/9124c6f84a2ddcf520d18cdd46f74885/nuget/spectre.console.cli/0.55.1-alpha.0.7/lib/net10.0/Spectre.Console.Cli.dll : warning IL3053: Assembly 'Spectre.Console.Cli' produced AOT analysis warnings. [/Users/mat/Source/apps/RetroDownfall.Arcanum/src/RetroDownfall.Arcanum.Cli/RetroDownfall.Arcanum.Cli.csproj]
/_/src/Spectre.Console.Cli/Internal/Modelling/CommandModel.cs(50): warning IL3000: Spectre.Console.Cli.CommandModel.GetApplicationFile(): 'System.Reflection.Assembly.Location.get' always returns an empty string for assemblies embedded in a single-file app. If the path to the app directory is needed, consider calling 'System.AppContext.BaseDirectory'. [/Users/mat/Source/apps/RetroDownfall.Arcanum/src/RetroDownfall.Arcanum.Cli/RetroDownfall.Arcanum.Cli.csproj]
/var/folders/6b/rz977tt52m95zpkqr8sbnv000000gn/T/cursor-sandbox-cache/9124c6f84a2ddcf520d18cdd46f74885/nuget/microsoft.entityframeworkcore/10.0.8/lib/net10.0/Microsoft.EntityFrameworkCore.dll : warning IL2104: Assembly 'Microsoft.EntityFrameworkCore' produced trim warnings. For more information see https://aka.ms/il2104 [/Users/mat/Source/apps/RetroDownfall.Arcanum/src/RetroDownfall.Arcanum.Cli/RetroDownfall.Arcanum.Cli.csproj]
/var/folders/6b/rz977tt52m95zpkqr8sbnv000000gn/T/cursor-sandbox-cache/9124c6f84a2ddcf520d18cdd46f74885/nuget/microsoft.entityframeworkcore.relational/10.0.8/lib/net10.0/Microsoft.EntityFrameworkCore.Relational.dll : warning IL2104: Assembly 'Microsoft.EntityFrameworkCore.Relational' produced trim warnings. For more information see https://aka.ms/il2104 [/Users/mat/Source/apps/RetroDownfall.Arcanum/src/RetroDownfall.Arcanum.Cli/RetroDownfall.Arcanum.Cli.csproj]
/var/folders/6b/rz977tt52m95zpkqr8sbnv000000gn/T/cursor-sandbox-cache/9124c6f84a2ddcf520d18cdd46f74885/nuget/microsoft.entityframeworkcore.relational/10.0.8/lib/net10.0/Microsoft.EntityFrameworkCore.Relational.dll : warning IL3053: Assembly 'Microsoft.EntityFrameworkCore.Relational' produced AOT analysis warnings. [/Users/mat/Source/apps/RetroDownfall.Arcanum/src/RetroDownfall.Arcanum.Cli/RetroDownfall.Arcanum.Cli.csproj]
/var/folders/6b/rz977tt52m95zpkqr8sbnv000000gn/T/cursor-sandbox-cache/9124c6f84a2ddcf520d18cdd46f74885/nuget/microsoft.entityframeworkcore/10.0.8/lib/net10.0/Microsoft.EntityFrameworkCore.dll : warning IL3053: Assembly 'Microsoft.EntityFrameworkCore' produced AOT analysis warnings. [/Users/mat/Source/apps/RetroDownfall.Arcanum/src/RetroDownfall.Arcanum.Cli/RetroDownfall.Arcanum.Cli.csproj]
/var/folders/6b/rz977tt52m95zpkqr8sbnv000000gn/T/cursor-sandbox-cache/9124c6f84a2ddcf520d18cdd46f74885/nuget/microsoft.entityframeworkcore.sqlite.core/10.0.8/lib/net10.0/Microsoft.EntityFrameworkCore.Sqlite.dll : warning IL3053: Assembly 'Microsoft.EntityFrameworkCore.Sqlite' produced AOT analysis warnings. [/Users/mat/Source/apps/RetroDownfall.Arcanum/src/RetroDownfall.Arcanum.Cli/RetroDownfall.Arcanum.Cli.csproj]
ILC : warning IL3002: Microsoft.EntityFrameworkCore.Infrastructure.SpatialiteLoader.FindExtension(): Using member 'Microsoft.Extensions.DependencyModel.DependencyContext.Default.get' which has 'RequiresAssemblyFilesAttribute' can break functionality when embedded in a single-file app. DependencyContext for an assembly from a application published as single-file is not supported. The method will return null. Make sure the calling code can handle this case. [/Users/mat/Source/apps/RetroDownfall.Arcanum/src/RetroDownfall.Arcanum.Cli/RetroDownfall.Arcanum.Cli.csproj]
ILC : warning IL3002: Microsoft.EntityFrameworkCore.Infrastructure.SpatialiteLoader.FindExtension(): Using member 'Microsoft.Extensions.DependencyModel.DependencyContext.Default.get' which has 'RequiresAssemblyFilesAttribute' can break functionality when embedded in a single-file app. DependencyContext for an assembly from a application published as single-file is not supported. The method will return null. Make sure the calling code can handle this case. [/Users/mat/Source/apps/RetroDownfall.Arcanum/src/RetroDownfall.Arcanum.Cli/RetroDownfall.Arcanum.Cli.csproj]
ILC : warning IL3002: Microsoft.EntityFrameworkCore.Infrastructure.SpatialiteLoader.FindExtension(): Using member 'Microsoft.Extensions.DependencyModel.DependencyContext.Default.get' which has 'RequiresAssemblyFilesAttribute' can break functionality when embedded in a single-file app. DependencyContext for an assembly from a application published as single-file is not supported. The method will return null. Make sure the calling code can handle this case. [/Users/mat/Source/apps/RetroDownfall.Arcanum/src/RetroDownfall.Arcanum.Cli/RetroDownfall.Arcanum.Cli.csproj]
/var/folders/6b/rz977tt52m95zpkqr8sbnv000000gn/T/cursor-sandbox-cache/9124c6f84a2ddcf520d18cdd46f74885/nuget/serilog/4.3.0/lib/net9.0/Serilog.dll : warning IL2104: Assembly 'Serilog' produced trim warnings. For more information see https://aka.ms/il2104 [/Users/mat/Source/apps/RetroDownfall.Arcanum/src/RetroDownfall.Arcanum.Cli/RetroDownfall.Arcanum.Cli.csproj]
ILC : warning IL3002: Microsoft.Extensions.DependencyModel.DependencyContext..cctor(): Using member 'Microsoft.Extensions.DependencyModel.DependencyContext.LoadDefault()' which has 'RequiresAssemblyFilesAttribute' can break functionality when embedded in a single-file app. DependencyContext for an assembly from a application published as single-file is not supported. The method will return null. Make sure the calling code can handle this case. [/Users/mat/Source/apps/RetroDownfall.Arcanum/src/RetroDownfall.Arcanum.Cli/RetroDownfall.Arcanum.Cli.csproj]
/var/folders/6b/rz977tt52m95zpkqr8sbnv000000gn/T/cursor-sandbox-cache/9124c6f84a2ddcf520d18cdd46f74885/nuget/ollamasharp/5.4.25/lib/net10.0/OllamaSharp.dll : warning IL2104: Assembly 'OllamaSharp' produced trim warnings. For more information see https://aka.ms/il2104 [/Users/mat/Source/apps/RetroDownfall.Arcanum/src/RetroDownfall.Arcanum.Cli/RetroDownfall.Arcanum.Cli.csproj]
/var/folders/6b/rz977tt52m95zpkqr8sbnv000000gn/T/cursor-sandbox-cache/9124c6f84a2ddcf520d18cdd46f74885/nuget/ollamasharp/5.4.25/lib/net10.0/OllamaSharp.dll : warning IL3053: Assembly 'OllamaSharp' produced AOT analysis warnings. [/Users/mat/Source/apps/RetroDownfall.Arcanum/src/RetroDownfall.Arcanum.Cli/RetroDownfall.Arcanum.Cli.csproj]
ILC : Trim analysis warning IL2026: Microsoft.AspNetCore.Mvc.ModelBinding.ModelMetadata.ModelMetadata(ModelMetadataIdentity): Using member 'Microsoft.AspNetCore.Mvc.ModelBinding.ModelMetadata.InitializeDynamicTypeInformation()' which has 'RequiresUnreferencedCodeAttribute' can break functionality when trimming application code. Using ModelMetadata with IsEnhancedModelMetadataSupport=true is not trim compatible. [/Users/mat/Source/apps/RetroDownfall.Arcanum/src/RetroDownfall.Arcanum.Cli/RetroDownfall.Arcanum.Cli.csproj]
/opt/homebrew/Cellar/dotnet/10.0.301/libexec/packs/Microsoft.AspNetCore.App.Runtime.osx-arm64/10.0.9/runtimes/osx-arm64/lib/net10.0/Microsoft.AspNetCore.Mvc.Abstractions.dll : warning IL3053: Assembly 'Microsoft.AspNetCore.Mvc.Abstractions' produced AOT analysis warnings. [/Users/mat/Source/apps/RetroDownfall.Arcanum/src/RetroDownfall.Arcanum.Cli/RetroDownfall.Arcanum.Cli.csproj]
/var/folders/6b/rz977tt52m95zpkqr8sbnv000000gn/T/cursor-sandbox-cache/9124c6f84a2ddcf520d18cdd46f74885/nuget/microsoft.entityframeworkcore.sqlite.core/10.0.8/lib/net10.0/Microsoft.EntityFrameworkCore.Sqlite.dll : warning IL2104: Assembly 'Microsoft.EntityFrameworkCore.Sqlite' produced trim warnings. For more information see https://aka.ms/il2104 [/Users/mat/Source/apps/RetroDownfall.Arcanum/src/RetroDownfall.Arcanum.Cli/RetroDownfall.Arcanum.Cli.csproj]
  ILC: Method '[Spectre.Console.Cli]OpenCli.OpenCliParser.Parse(Stream,CancellationToken)' will always throw because: Failed to load assembly 'NJsonSchema'
  ld: warning: building for macOS-12.0, but linking with dylib '/opt/homebrew/opt/openssl@3/lib/libssl.3.dylib' which was built for newer version 26.0
  ld: warning: building for macOS-12.0, but linking with dylib '/opt/homebrew/opt/openssl@3/lib/libcrypto.3.dylib' which was built for newer version 26.0
  ld: warning: building for macOS-12.0, but linking with dylib '/opt/homebrew/opt/brotli/lib/libbrotlienc.1.dylib' which was built for newer version 26.0
  ld: warning: building for macOS-12.0, but linking with dylib '/opt/homebrew/opt/brotli/lib/libbrotlidec.1.dylib' which was built for newer version 26.0
  ld: warning: building for macOS-12.0, but linking with dylib '/opt/homebrew/opt/brotli/lib/libbrotlicommon.1.dylib' which was built for newer version 26.0
  RetroDownfall.Arcanum.Cli -> /Users/mat/Source/apps/RetroDownfall.Arcanum/src/RetroDownfall.Arcanum.Cli/bin/Release/net10.0/osx-arm64/publish/
AOT IL gate passed for RID osx-arm64

